MPLINK 4.48, Linker
Linker Map File - Created Wed Feb 16 17:25:55 2022

                                 Section Info
                  Section       Type    Address   Location Size(Bytes)
                ---------  ---------  ---------  ---------  ---------
                   .org_0       code   0x000000    program   0x000044



                              Program Memory Usage 
                               Start         End      
                           ---------   ---------      
                            0x000000    0x000021      
            34 out of 1094 program addresses used, program memory utilization is 3%



                              Symbols - Sorted by Name
                     Name    Address   Location    Storage File                     
                ---------  ---------  ---------  --------- ---------                
                       B0   0x000013    program     static C:\Users\Edgar Alan\Desktop\Practica 2\5CV25_2_5_Salida_Entrada.ASM
                       B1   0x000016    program     static C:\Users\Edgar Alan\Desktop\Practica 2\5CV25_2_5_Salida_Entrada.ASM
                       B2   0x000019    program     static C:\Users\Edgar Alan\Desktop\Practica 2\5CV25_2_5_Salida_Entrada.ASM
                       B3   0x00001c    program     static C:\Users\Edgar Alan\Desktop\Practica 2\5CV25_2_5_Salida_Entrada.ASM
                       B4   0x00001f    program     static C:\Users\Edgar Alan\Desktop\Practica 2\5CV25_2_5_Salida_Entrada.ASM
                    BUCLE   0x000006    program     static C:\Users\Edgar Alan\Desktop\Practica 2\5CV25_2_5_Salida_Entrada.ASM



                              Symbols - Sorted by Address
                     Name    Address   Location    Storage File                     
                ---------  ---------  ---------  --------- ---------                
                    BUCLE   0x000006    program     static C:\Users\Edgar Alan\Desktop\Practica 2\5CV25_2_5_Salida_Entrada.ASM
                       B0   0x000013    program     static C:\Users\Edgar Alan\Desktop\Practica 2\5CV25_2_5_Salida_Entrada.ASM
                       B1   0x000016    program     static C:\Users\Edgar Alan\Desktop\Practica 2\5CV25_2_5_Salida_Entrada.ASM
                       B2   0x000019    program     static C:\Users\Edgar Alan\Desktop\Practica 2\5CV25_2_5_Salida_Entrada.ASM
                       B3   0x00001c    program     static C:\Users\Edgar Alan\Desktop\Practica 2\5CV25_2_5_Salida_Entrada.ASM
                       B4   0x00001f    program     static C:\Users\Edgar Alan\Desktop\Practica 2\5CV25_2_5_Salida_Entrada.ASM


